<html>
<body>
<pre>
<h1>µVision Build Log</h1>
<h2>Tool Versions:</h2>
IDE-Version: ¦ÌVision V5.39.0.0
Copyright (C) 2023 ARM Ltd and ARM Germany GmbH. All rights reserved.
License Information: 11 11, 11, LIC=TIVNB-23H4M-TGY7T-R2YUM-3GT9M-RD79Z
 
Tool Versions:
Toolchain:       MDK-ARM Plus  Version: 5.39.0.0
Toolchain Path:  D:\Keil5\ARM\ARM_Compiler5.06\Bin
C Compiler:      Armcc.exe V5.06 update 7 (build 960)
Assembler:       Armasm.exe V5.06 update 7 (build 960)
Linker/Locator:  ArmLink.exe V5.06 update 7 (build 960)
Library Manager: ArmAr.exe V5.06 update 7 (build 960)
Hex Converter:   FromElf.exe V5.06 update 7 (build 960)
CPU DLL:         SARMCM3.DLL V5.39.0.0
Dialog DLL:      DCM.DLL V1.17.5.0
Target DLL:      Segger\JL2CM3.dll V2.99.43.0
Dialog DLL:      TCM.DLL V1.56.4.0
 
<h2>Project:</h2>
D:\STM32CubeMx\Project\UWC_F1\MDK-ARM\UWC_F1.uvprojx
Project File Date:  08/26/2025

<h2>Output:</h2>
*** Using Compiler 'V5.06 update 7 (build 960)', folder: 'D:\Keil5\ARM\ARM_Compiler5.06\Bin'
Build target 'UWC_F1'
compiling uwc.c...
..\UWC_BSP\uwc.h(122): warning:  #1295-D: Deprecated declaration UWC_Config - give arg types
  void UWC_Config();
..\UWC_BSP\uwc.h(124): warning:  #1295-D: Deprecated declaration UWC_Test - give arg types
  void UWC_Test();
..\UWC_BSP\uwc.h(126): warning:  #1295-D: Deprecated declaration uwc_start_receive_data - give arg types
  void uwc_start_receive_data();
..\UWC_BSP\uwc.h(128): warning:  #1295-D: Deprecated declaration receive_callback - give arg types
  void receive_callback();
..\UWC_BSP\uwc.h(130): warning:  #1295-D: Deprecated declaration DataProcess_03 - give arg types
  void DataProcess_03();
..\UWC_BSP\uwc.h(131): warning:  #1295-D: Deprecated declaration DataProcess_06 - give arg types
  void DataProcess_06();
..\UWC_BSP\uwc.h(132): warning:  #1295-D: Deprecated declaration DataProcess - give arg types
  void DataProcess();
..\UWC_BSP\uwc.h(133): warning:  #1295-D: Deprecated declaration RecvData_Process - give arg types
  void RecvData_Process();
..\UWC_BSP\uwc.h(139): warning:  #1-D: last line of file ends without a newline
  #endif
..\UWC_BSP\uwc.c(151): warning:  #111-D: statement is unreachable
  			break;
..\UWC_BSP\uwc.c(154): warning:  #111-D: statement is unreachable
  			break;
..\UWC_BSP\uwc.c(157): warning:  #111-D: statement is unreachable
  			break;
..\UWC_BSP\uwc.c(160): warning:  #111-D: statement is unreachable
  			break;
..\UWC_BSP\uwc.c(163): warning:  #111-D: statement is unreachable
  			break;
..\UWC_BSP\uwc.c(166): warning:  #111-D: statement is unreachable
  			break;
..\UWC_BSP\uwc.c(169): warning:  #111-D: statement is unreachable
  			break;
..\UWC_BSP\uwc.c(172): warning:  #111-D: statement is unreachable
  			break;
..\UWC_BSP\uwc.c: 17 warnings, 0 errors
linking...
Program Size: Code=6092 RO-data=312 RW-data=56 ZI-data=1328  
FromELF: creating hex file...
"UWC_F1\UWC_F1.axf" - 0 Error(s), 17 Warning(s).

<h2>Software Packages used:</h2>

Package Vendor: ARM
                http://www.keil.com/pack/ARM.CMSIS.5.9.0.pack
                ARM::CMSIS@5.9.0
                CMSIS (Common Microcontroller Software Interface Standard)
   * Component: CORE Version: 5.6.0

Package Vendor: Keil
                https://www.keil.com/pack/Keil.STM32F1xx_DFP.2.4.1.pack
                Keil::STM32F1xx_DFP@2.4.1
                STMicroelectronics STM32F1 Series Device Support, Drivers and Examples

<h2>Collection of Component include folders:</h2>
  ./RTE/_UWC_F1
  D:/Keil5/Packs/ARM/CMSIS/5.9.0/CMSIS/Core/Include
  D:/Keil5/Packs/Keil/STM32F1xx_DFP/2.4.1/Device/Include

<h2>Collection of Component Files used:</h2>

   * Component: ARM::CMSIS:CORE@5.6.0
      Include file:  CMSIS/Core/Include/tz_context.h
Build Time Elapsed:  00:00:03
</pre>
</body>
</html>
